
[TestYAMLGeneratorSuite/TestExamples - 1]
namespace: team-Y
monitors:
    - id: 303011a1-a77a-5b05-9f19-fc73b0bc14a9
      name: runs_volume_daily
      type: volume
      monitored_id: ch-prod::default::runs
      severity: ERROR
      time_partitioning: created_at
      mode:
        anomaly_engine:
            sensitivity: BALANCED
      daily:
        time_partitioning_shift: 0s

---
