
[TestYAMLGeneratorSuite/TestExamples - 1]
version: v1beta1
namespace: financial_data
monitors: []

---
