
[TestYAMLGeneratorSuite/TestExamples - 1]
version: v1beta2
namespace: financial_data
entities:
    - id: bq-synq-demo::nyc_taxi::financial_statement
      time_partitioning_column: month
      monitors:
        - id: 116844a4-aed0-56b4-bd75-350f26532aae
          name: freshness_financial_statement
          type: freshness
          severity: ERROR
          mode:
            anomaly_engine:
                sensitivity: BALANCED
          daily: {}
          expression: month
        - id: e522340e-088a-5eb8-8ee6-77bebd3fbc57
          name: volume_financial_statement
          type: volume
          severity: ERROR
          mode:
            anomaly_engine:
                sensitivity: BALANCED
          daily: {}
        - id: 5c6c57a2-91f5-5e87-be4c-497aac1a907f
          name: stats_financial_statement
          type: field_stats
          severity: ERROR
          mode:
            anomaly_engine:
                sensitivity: BALANCED
          daily: {}
          columns:
            - total_revenue
            - total_tips
        - id: e91ae608-1467-5afd-91db-d0ba786197b5
          name: custom_financial_statement_revenue_nonnegative
          type: custom_numeric
          severity: ERROR
          mode:
            fixed_thresholds:
                min: 0
          daily: {}
          metric_aggregation: MIN(total_revenue)

---
