
[TestYAMLGeneratorSuite/TestExamples - 1]
version: v1beta2
namespace: foo
entities: []

---
